1	terms_80	mi
2	selbri_130	klama
3	LE_488	le
4	sumti_tail_111	zarci
5		
6	terms_80	3	4	5
7		
8	tail_terms_71	6	7
9	bridi_tail_50	2	8
10	paragraph_10	1	9
11		i
12	I_819	11
13	terms_80	do
14	selbri_130	tavla
15	terms_80	mi
16		
17	tail_terms_71	15	16
18	bridi_tail_50	14	17
19	statement_11	13	18
20	text_0	10	12	19