mi:
  klama:
    le:
      zarci:
        :
      :
  i:
    do:
      tavla:
        mi:
          :