text_0(number_812((pa),(re),(ci),(vo),(mu),(xa),(ze),(bi),(so),(no)),()).