pa:
  re:
    ci:
      vo:
        mu:
          xa:
            ze:
              bi:
                so:
                  no:
  :