1		pa
2		re
3		ci
4		vo
5		mu
6		xa
7		ze
8		bi
9		so
10		no
11	number_812	1	2	3	4	5	6	7	8	9	10
12		
13	text_0	11	12